done inf_line 2 17.7
done inf_line 1 16.85
done inf_line 0 16.74
done inf_line 3 17.11
done inf_light 1 20.79
done inf_light 0 19.09
done inf_line 4 16.94
done inf_line all 16.93
done inf_light 3 22.19
done inf_light 2 19.38
done inf_light 4 20.59
done cav_light 0 32.16
done cav_light 1 30.26
done inf_light all 19.73
done cav_light 2 31.97
done cav_light 3 31.81
done cav_light 4 33.66
done art_foot 1 36.72
done art_foot 0 40.09
done cav_light all 30.71
done art_foot 2 34.52
done art_foot 3 39.9
done art_foot 4 35.78
done art_foot all 36.93
done inf_grena 1 31.48
done inf_grena 0 32.82
done inf_grena 2 31.59
done cav_stand 0 30.96
done cav_stand 1 31.3
done cav_stand 2 32.73
done cav_stand 3 32.26
done cav_stand 4 33.78
done inf_grena 3 28.98
done cav_stand all 31.55
done inf_grena 4 31.32
done inf_skirm 0 34.18
done inf_skirm 1 31.41
done inf_grena all 27.32
done inf_skirm 2 30.34
done inf_skirm 3 26.03
done inf_skirm 4 29.02
done inf_milit 0 24.99
done inf_milit 1 23.8
